// Jest Snapshot v1, https://goo.gl/fbAQLP

exports[`Check list of all Check clean all list from scully 1`] = `
"<!DOCTYPE html><html lang=\\"en\\"><head><meta name=\\"generator\\" content=\\"Scully 0.0.0\\">
    <meta charset=\\"utf-8\\">
    <title>SampleBlog</title>
    <base href=\\"/\\">
    <meta name=\\"viewport\\" content=\\"width=device-width, initial-scale=1\\">
    <link rel=\\"icon\\" type=\\"image/x-icon\\" href=\\"favicon.ico\\">
    <link rel=\\"stylesheet\\" href=\\"//cdnjs.cloudflare.com/ajax/libs/highlight.js/9.18.1/styles/default.min.css\\">
  <style>/* You can add global styles to this file, and also import other style files */

*,
*::before,
*::after {
  box-sizing: border-box;
  margin: 0;
  padding: 0;
}

@charset \\"UTF-8\\";

.tabs label,
.text-center {
  text-align: center;
}

@font-face {
  font-family: 'Gentium Book Basic';
  font-style: normal;
  font-weight: 400;
  src: local('Gentium Book Basic'), local('GentiumBookBasic'),
    url(https://fonts.gstatic.com/s/gentiumbookbasic/v10/pe0zMJCbPYBVokB1LHA9bbyaQb8ZGjc4ULF_.ttf)
      format('truetype');
}

@font-face {
  font-family: 'Gentium Book Basic';
  font-style: normal;
  font-weight: 700;
  src: local('Gentium Book Basic Bold'), local('GentiumBookBasic-Bold'),
    url(https://fonts.gstatic.com/s/gentiumbookbasic/v10/pe0wMJCbPYBVokB1LHA9bbyaQb8ZGjcw65RvzIfc.ttf)
      format('truetype');
}

@font-face {
  font-family: Roboto;
  font-style: normal;
  font-weight: 300;
  src: local('Roboto Light'), local('Roboto-Light'),
    url(https://fonts.gstatic.com/s/roboto/v20/KFOlCnqEu92Fr1MmSU5fBBc9.ttf) format('truetype');
}

@font-face {
  font-family: Roboto;
  font-style: normal;
  font-weight: 400;
  src: local('Roboto'), local('Roboto-Regular'),
    url(https://fonts.gstatic.com/s/roboto/v20/KFOmCnqEu92Fr1Mu4mxP.ttf) format('truetype');
}

@font-face {
  font-family: Roboto;
  font-style: normal;
  font-weight: 500;
  src: local('Roboto Medium'), local('Roboto-Medium'),
    url(https://fonts.gstatic.com/s/roboto/v20/KFOlCnqEu92Fr1MmEU9fBBc9.ttf) format('truetype');
}

@font-face {
  font-family: Roboto;
  font-style: normal;
  font-weight: 700;
  src: local('Roboto Bold'), local('Roboto-Bold'),
    url(https://fonts.gstatic.com/s/roboto/v20/KFOlCnqEu92Fr1MmWUlfBBc9.ttf) format('truetype');
}

a,
aside,
body,
div,
h1,
h2,
h3,
h4,
h5,
h6,
header,
input,
label,
menu,
p {
  font-family: Roboto, sans-serif;
}

h1,
h2,
h3,
h4,
h5,
h6 {
  margin-bottom: 0.8em;
  line-height: 130%;
}

p {
  margin-bottom: 20px;
}

h1 {
  font-size: 40px;
}

h2 {
  font-size: 34px;
}

h3 {
  font-size: 28px;
}

h4 {
  font-size: 24.8px;
}

h5 {
  font-size: 20.8px;
}

h6 {
  font-size: 18px;
}

a,
p {
  font-size: 16px;
}

/*# sourceMappingURL=data:application/json;base64,eyJ2ZXJzaW9uIjozLCJzb3VyY2VzIjpbInN0eWxlcy5jc3MiXSwibmFtZXMiOltdLCJtYXBwaW5ncyI6IkFBQUEsOEVBQThFOztBQUU5RTs7O0VBR0Usc0JBQXNCO0VBQ3RCLFNBQVM7RUFDVCxVQUFVO0FBQ1o7O0FBRUEsZ0JBQWdCOztBQUNoQjs7RUFFRSxrQkFBa0I7QUFDcEI7O0FBQ0E7RUFDRSxpQ0FBaUM7RUFDakMsa0JBQWtCO0VBQ2xCLGdCQUFnQjtFQUNoQjs7d0JBRXNCO0FBQ3hCOztBQUNBO0VBQ0UsaUNBQWlDO0VBQ2pDLGtCQUFrQjtFQUNsQixnQkFBZ0I7RUFDaEI7O3dCQUVzQjtBQUN4Qjs7QUFDQTtFQUNFLG1CQUFtQjtFQUNuQixrQkFBa0I7RUFDbEIsZ0JBQWdCO0VBQ2hCOytGQUM2RjtBQUMvRjs7QUFDQTtFQUNFLG1CQUFtQjtFQUNuQixrQkFBa0I7RUFDbEIsZ0JBQWdCO0VBQ2hCOzJGQUN5RjtBQUMzRjs7QUFDQTtFQUNFLG1CQUFtQjtFQUNuQixrQkFBa0I7RUFDbEIsZ0JBQWdCO0VBQ2hCOytGQUM2RjtBQUMvRjs7QUFDQTtFQUNFLG1CQUFtQjtFQUNuQixrQkFBa0I7RUFDbEIsZ0JBQWdCO0VBQ2hCOytGQUM2RjtBQUMvRjs7QUFDQTs7Ozs7Ozs7Ozs7Ozs7O0VBZUUsK0JBQStCO0FBQ2pDOztBQUNBOzs7Ozs7RUFNRSxvQkFBb0I7RUFDcEIsaUJBQWlCO0FBQ25COztBQUNBO0VBQ0UsbUJBQW1CO0FBQ3JCOztBQUNBO0VBQ0UsZUFBZTtBQUNqQjs7QUFDQTtFQUNFLGVBQWU7QUFDakI7O0FBQ0E7RUFDRSxlQUFlO0FBQ2pCOztBQUNBO0VBQ0UsaUJBQWlCO0FBQ25COztBQUNBO0VBQ0UsaUJBQWlCO0FBQ25COztBQUNBO0VBQ0UsZUFBZTtBQUNqQjs7QUFDQTs7RUFFRSxlQUFlO0FBQ2pCIiwiZmlsZSI6InN0eWxlcy5jc3MiLCJzb3VyY2VzQ29udGVudCI6WyIvKiBZb3UgY2FuIGFkZCBnbG9iYWwgc3R5bGVzIHRvIHRoaXMgZmlsZSwgYW5kIGFsc28gaW1wb3J0IG90aGVyIHN0eWxlIGZpbGVzICovXHJcblxyXG4qLFxyXG4qOjpiZWZvcmUsXHJcbio6OmFmdGVyIHtcclxuICBib3gtc2l6aW5nOiBib3JkZXItYm94O1xyXG4gIG1hcmdpbjogMDtcclxuICBwYWRkaW5nOiAwO1xyXG59XHJcblxyXG5AY2hhcnNldCBcIlVURi04XCI7XHJcbi50YWJzIGxhYmVsLFxyXG4udGV4dC1jZW50ZXIge1xyXG4gIHRleHQtYWxpZ246IGNlbnRlcjtcclxufVxyXG5AZm9udC1mYWNlIHtcclxuICBmb250LWZhbWlseTogJ0dlbnRpdW0gQm9vayBCYXNpYyc7XHJcbiAgZm9udC1zdHlsZTogbm9ybWFsO1xyXG4gIGZvbnQtd2VpZ2h0OiA0MDA7XHJcbiAgc3JjOiBsb2NhbCgnR2VudGl1bSBCb29rIEJhc2ljJyksIGxvY2FsKCdHZW50aXVtQm9va0Jhc2ljJyksXHJcbiAgICB1cmwoaHR0cHM6Ly9mb250cy5nc3RhdGljLmNvbS9zL2dlbnRpdW1ib29rYmFzaWMvdjEwL3BlMHpNSkNiUFlCVm9rQjFMSEE5YmJ5YVFiOFpHamM0VUxGXy50dGYpXHJcbiAgICAgIGZvcm1hdCgndHJ1ZXR5cGUnKTtcclxufVxyXG5AZm9udC1mYWNlIHtcclxuICBmb250LWZhbWlseTogJ0dlbnRpdW0gQm9vayBCYXNpYyc7XHJcbiAgZm9udC1zdHlsZTogbm9ybWFsO1xyXG4gIGZvbnQtd2VpZ2h0OiA3MDA7XHJcbiAgc3JjOiBsb2NhbCgnR2VudGl1bSBCb29rIEJhc2ljIEJvbGQnKSwgbG9jYWwoJ0dlbnRpdW1Cb29rQmFzaWMtQm9sZCcpLFxyXG4gICAgdXJsKGh0dHBzOi8vZm9udHMuZ3N0YXRpYy5jb20vcy9nZW50aXVtYm9va2Jhc2ljL3YxMC9wZTB3TUpDYlBZQlZva0IxTEhBOWJieWFRYjhaR2pjdzY1UnZ6SWZjLnR0ZilcclxuICAgICAgZm9ybWF0KCd0cnVldHlwZScpO1xyXG59XHJcbkBmb250LWZhY2Uge1xyXG4gIGZvbnQtZmFtaWx5OiBSb2JvdG87XHJcbiAgZm9udC1zdHlsZTogbm9ybWFsO1xyXG4gIGZvbnQtd2VpZ2h0OiAzMDA7XHJcbiAgc3JjOiBsb2NhbCgnUm9ib3RvIExpZ2h0JyksIGxvY2FsKCdSb2JvdG8tTGlnaHQnKSxcclxuICAgIHVybChodHRwczovL2ZvbnRzLmdzdGF0aWMuY29tL3Mvcm9ib3RvL3YyMC9LRk9sQ25xRXU5MkZyMU1tU1U1ZkJCYzkudHRmKSBmb3JtYXQoJ3RydWV0eXBlJyk7XHJcbn1cclxuQGZvbnQtZmFjZSB7XHJcbiAgZm9udC1mYW1pbHk6IFJvYm90bztcclxuICBmb250LXN0eWxlOiBub3JtYWw7XHJcbiAgZm9udC13ZWlnaHQ6IDQwMDtcclxuICBzcmM6IGxvY2FsKCdSb2JvdG8nKSwgbG9jYWwoJ1JvYm90by1SZWd1bGFyJyksXHJcbiAgICB1cmwoaHR0cHM6Ly9mb250cy5nc3RhdGljLmNvbS9zL3JvYm90by92MjAvS0ZPbUNucUV1OTJGcjFNdTRteFAudHRmKSBmb3JtYXQoJ3RydWV0eXBlJyk7XHJcbn1cclxuQGZvbnQtZmFjZSB7XHJcbiAgZm9udC1mYW1pbHk6IFJvYm90bztcclxuICBmb250LXN0eWxlOiBub3JtYWw7XHJcbiAgZm9udC13ZWlnaHQ6IDUwMDtcclxuICBzcmM6IGxvY2FsKCdSb2JvdG8gTWVkaXVtJyksIGxvY2FsKCdSb2JvdG8tTWVkaXVtJyksXHJcbiAgICB1cmwoaHR0cHM6Ly9mb250cy5nc3RhdGljLmNvbS9zL3JvYm90by92MjAvS0ZPbENucUV1OTJGcjFNbUVVOWZCQmM5LnR0ZikgZm9ybWF0KCd0cnVldHlwZScpO1xyXG59XHJcbkBmb250LWZhY2Uge1xyXG4gIGZvbnQtZmFtaWx5OiBSb2JvdG87XHJcbiAgZm9udC1zdHlsZTogbm9ybWFsO1xyXG4gIGZvbnQtd2VpZ2h0OiA3MDA7XHJcbiAgc3JjOiBsb2NhbCgnUm9ib3RvIEJvbGQnKSwgbG9jYWwoJ1JvYm90by1Cb2xkJyksXHJcbiAgICB1cmwoaHR0cHM6Ly9mb250cy5nc3RhdGljLmNvbS9zL3JvYm90by92MjAvS0ZPbENucUV1OTJGcjFNbVdVbGZCQmM5LnR0ZikgZm9ybWF0KCd0cnVldHlwZScpO1xyXG59XHJcbmEsXHJcbmFzaWRlLFxyXG5ib2R5LFxyXG5kaXYsXHJcbmgxLFxyXG5oMixcclxuaDMsXHJcbmg0LFxyXG5oNSxcclxuaDYsXHJcbmhlYWRlcixcclxuaW5wdXQsXHJcbmxhYmVsLFxyXG5tZW51LFxyXG5wIHtcclxuICBmb250LWZhbWlseTogUm9ib3RvLCBzYW5zLXNlcmlmO1xyXG59XHJcbmgxLFxyXG5oMixcclxuaDMsXHJcbmg0LFxyXG5oNSxcclxuaDYge1xyXG4gIG1hcmdpbi1ib3R0b206IDAuOGVtO1xyXG4gIGxpbmUtaGVpZ2h0OiAxMzAlO1xyXG59XHJcbnAge1xyXG4gIG1hcmdpbi1ib3R0b206IDIwcHg7XHJcbn1cclxuaDEge1xyXG4gIGZvbnQtc2l6ZTogNDBweDtcclxufVxyXG5oMiB7XHJcbiAgZm9udC1zaXplOiAzNHB4O1xyXG59XHJcbmgzIHtcclxuICBmb250LXNpemU6IDI4cHg7XHJcbn1cclxuaDQge1xyXG4gIGZvbnQtc2l6ZTogMjQuOHB4O1xyXG59XHJcbmg1IHtcclxuICBmb250LXNpemU6IDIwLjhweDtcclxufVxyXG5oNiB7XHJcbiAgZm9udC1zaXplOiAxOHB4O1xyXG59XHJcbmEsXHJcbnAge1xyXG4gIGZvbnQtc2l6ZTogMTZweDtcclxufVxyXG4iXX0= */</style><style>[] {
  display: grid;
  height: 100vh;
  grid-template-rows: 60px 1fr 60px;
}

[]    > header[] {
  display: grid;
  background-color: royalblue;
  color: whitesmoke;
  margin: 0;
  padding: 0px 10px;
  grid-template-columns: 1fr 40px;
  place-items: center center;
}

header[]   h1[], footer[]   h3[] {
  margin: 0;
}

[]    > footer[] {
  display: grid;
  background-color: royalblue;
  color: whitesmoke;
  margin: 0;
  padding-right: 10px;
  justify-content: right;
  align-content: center;
}

main[] {
  background-color: whitesmoke;
  color: rgb(4, 12, 36);
  padding: 10px;
}
/*# sourceMappingURL=data:application/json;base64,eyJ2ZXJzaW9uIjozLCJzb3VyY2VzIjpbImFwcHMvc2FtcGxlLWJsb2cvc3JjL2FwcC9hcHAuY29tcG9uZW50LmNzcyJdLCJuYW1lcyI6W10sIm1hcHBpbmdzIjoiQUFBQTtFQUNFLGFBQWE7RUFDYixhQUFhO0VBQ2IsaUNBQWlDO0FBQ25DOztBQUVBO0VBQ0UsYUFBYTtFQUNiLDJCQUEyQjtFQUMzQixpQkFBaUI7RUFDakIsU0FBUztFQUNULGlCQUFpQjtFQUNqQiwrQkFBK0I7RUFDL0IsMEJBQTBCO0FBQzVCOztBQUVBOztFQUVFLFNBQVM7QUFDWDs7QUFDQTtFQUNFLGFBQWE7RUFDYiwyQkFBMkI7RUFDM0IsaUJBQWlCO0VBQ2pCLFNBQVM7RUFDVCxtQkFBbUI7RUFDbkIsc0JBQXNCO0VBQ3RCLHFCQUFxQjtBQUN2Qjs7QUFFQTtFQUNFLDRCQUE0QjtFQUM1QixxQkFBcUI7RUFDckIsYUFBYTtBQUNmIiwiZmlsZSI6ImFwcHMvc2FtcGxlLWJsb2cvc3JjL2FwcC9hcHAuY29tcG9uZW50LmNzcyIsInNvdXJjZXNDb250ZW50IjpbIjpob3N0IHtcclxuICBkaXNwbGF5OiBncmlkO1xyXG4gIGhlaWdodDogMTAwdmg7XHJcbiAgZ3JpZC10ZW1wbGF0ZS1yb3dzOiA2MHB4IDFmciA2MHB4O1xyXG59XHJcblxyXG46aG9zdCA+IGhlYWRlciB7XHJcbiAgZGlzcGxheTogZ3JpZDtcclxuICBiYWNrZ3JvdW5kLWNvbG9yOiByb3lhbGJsdWU7XHJcbiAgY29sb3I6IHdoaXRlc21va2U7XHJcbiAgbWFyZ2luOiAwO1xyXG4gIHBhZGRpbmc6IDBweCAxMHB4O1xyXG4gIGdyaWQtdGVtcGxhdGUtY29sdW1uczogMWZyIDQwcHg7XHJcbiAgcGxhY2UtaXRlbXM6IGNlbnRlciBjZW50ZXI7XHJcbn1cclxuXHJcbmhlYWRlciBoMSxcclxuZm9vdGVyIGgzIHtcclxuICBtYXJnaW46IDA7XHJcbn1cclxuOmhvc3QgPiBmb290ZXIge1xyXG4gIGRpc3BsYXk6IGdyaWQ7XHJcbiAgYmFja2dyb3VuZC1jb2xvcjogcm95YWxibHVlO1xyXG4gIGNvbG9yOiB3aGl0ZXNtb2tlO1xyXG4gIG1hcmdpbjogMDtcclxuICBwYWRkaW5nLXJpZ2h0OiAxMHB4O1xyXG4gIGp1c3RpZnktY29udGVudDogcmlnaHQ7XHJcbiAgYWxpZ24tY29udGVudDogY2VudGVyO1xyXG59XHJcblxyXG5tYWluIHtcclxuICBiYWNrZ3JvdW5kLWNvbG9yOiB3aGl0ZXNtb2tlO1xyXG4gIGNvbG9yOiByZ2IoNCwgMTIsIDM2KTtcclxuICBwYWRkaW5nOiAxMHB4O1xyXG59XHJcbiJdfQ== */</style><script charset=\\"utf-8\\" src=\\"static-static-module-es2015.js\\"></script><script charset=\\"utf-8\\" src=\\"pagenotfound-pagenotfound-module-es2015.js\\"></script><style>li[] {
  display: grid;
  grid-template-columns: 200px 200px;
}

a.btn[] {
  display: inline-block;
  padding: 10px;
  margin: 10px 3px;
  width: 200px;
  height: 40px;
  border-radius: 4px;
  background-color: royalblue;
  color: white;
  text-align: center;
  text-decoration: none;
  box-shadow: 0 1px 3px rgba(0, 0, 0, 0.12), 0 1px 2px rgba(0, 0, 0, 0.24);
  transition: all 0.3s cubic-bezier(0.25, 0.8, 0.25, 1);
}

a.btn[]:hover {
  box-shadow: 0 14px 28px rgba(0, 0, 0, 0.25), 0 6px 6px rgba(0, 0, 0, 0.22);
}

a.btn[]:active {
  box-shadow: 0 1px 3px rgba(0, 0, 0, 0.12), 0 1px 2px rgba(0, 0, 0, 0.24);
}
/*# sourceMappingURL=data:application/json;base64,eyJ2ZXJzaW9uIjozLCJzb3VyY2VzIjpbImFwcHMvc2FtcGxlLWJsb2cvc3JjL2FwcC9zdGF0aWMvc3RhdGljLmNvbXBvbmVudC5jc3MiXSwibmFtZXMiOltdLCJtYXBwaW5ncyI6IkFBQUE7RUFDRSxhQUFhO0VBQ2Isa0NBQWtDO0FBQ3BDOztBQUVBO0VBQ0UscUJBQXFCO0VBQ3JCLGFBQWE7RUFDYixnQkFBZ0I7RUFDaEIsWUFBWTtFQUNaLFlBQVk7RUFDWixrQkFBa0I7RUFDbEIsMkJBQTJCO0VBQzNCLFlBQVk7RUFDWixrQkFBa0I7RUFDbEIscUJBQXFCO0VBQ3JCLHdFQUF3RTtFQUN4RSxxREFBcUQ7QUFDdkQ7O0FBRUE7RUFDRSwwRUFBMEU7QUFDNUU7O0FBRUE7RUFDRSx3RUFBd0U7QUFDMUUiLCJmaWxlIjoiYXBwcy9zYW1wbGUtYmxvZy9zcmMvYXBwL3N0YXRpYy9zdGF0aWMuY29tcG9uZW50LmNzcyIsInNvdXJjZXNDb250ZW50IjpbImxpIHtcclxuICBkaXNwbGF5OiBncmlkO1xyXG4gIGdyaWQtdGVtcGxhdGUtY29sdW1uczogMjAwcHggMjAwcHg7XHJcbn1cclxuXHJcbmEuYnRuIHtcclxuICBkaXNwbGF5OiBpbmxpbmUtYmxvY2s7XHJcbiAgcGFkZGluZzogMTBweDtcclxuICBtYXJnaW46IDEwcHggM3B4O1xyXG4gIHdpZHRoOiAyMDBweDtcclxuICBoZWlnaHQ6IDQwcHg7XHJcbiAgYm9yZGVyLXJhZGl1czogNHB4O1xyXG4gIGJhY2tncm91bmQtY29sb3I6IHJveWFsYmx1ZTtcclxuICBjb2xvcjogd2hpdGU7XHJcbiAgdGV4dC1hbGlnbjogY2VudGVyO1xyXG4gIHRleHQtZGVjb3JhdGlvbjogbm9uZTtcclxuICBib3gtc2hhZG93OiAwIDFweCAzcHggcmdiYSgwLCAwLCAwLCAwLjEyKSwgMCAxcHggMnB4IHJnYmEoMCwgMCwgMCwgMC4yNCk7XHJcbiAgdHJhbnNpdGlvbjogYWxsIDAuM3MgY3ViaWMtYmV6aWVyKDAuMjUsIDAuOCwgMC4yNSwgMSk7XHJcbn1cclxuXHJcbmEuYnRuOmhvdmVyIHtcclxuICBib3gtc2hhZG93OiAwIDE0cHggMjhweCByZ2JhKDAsIDAsIDAsIDAuMjUpLCAwIDZweCA2cHggcmdiYSgwLCAwLCAwLCAwLjIyKTtcclxufVxyXG5cclxuYS5idG46YWN0aXZlIHtcclxuICBib3gtc2hhZG93OiAwIDFweCAzcHggcmdiYSgwLCAwLCAwLCAwLjEyKSwgMCAxcHggMnB4IHJnYmEoMCwgMCwgMCwgMC4yNCk7XHJcbn1cclxuIl19 */</style><script>window['ScullyIO']='generated';</script></head>

  <body scully-version=\\"0.0.0\\">
    <app-root class=\\"foo\\" =\\"\\" > Scully demo blog app! <small =\\"\\">rendering inside scully</small></h1><a =\\"\\" ng-reflect-router-link=\\"/home\\" href=\\"/home/\\">🏠</a></header><main =\\"\\"><router-outlet =\\"\\"></router-outlet><app-static =\\"\\"><h1 =\\"\\">Available routes</h1><a =\\"\\" class=\\"btn\\" ng-reflect-router-link=\\"/home,\\" href=\\"/home/\\">Top level routes only</a><!--bindings={
  \\"ng-reflect-ng-if\\": \\"true\\"
}--><!--bindings={
  \\"ng-reflect-ng-if\\": \\"false\\"
}--><a =\\"\\" class=\\"btn\\" ng-reflect-router-link=\\"/home,unpublished\\" href=\\"/home/unpublished/\\">Unpublished routes</a><!--bindings={
  \\"ng-reflect-ng-if\\": \\"true\\"
}--><ul =\\"\\"><li =\\"\\"><strong =\\"\\">routelink</strong><strong =\\"\\">full page reload</strong></li><li =\\"\\"><a =\\"\\" ng-reflect-router-link=\\"/about\\" href=\\"/about/\\">/about</a><a =\\"\\" href=\\"/about/\\">/about</a></li><li =\\"\\"><a =\\"\\" ng-reflect-router-link=\\"/home/all\\" href=\\"/home/all/\\">/home/all</a><a =\\"\\" href=\\"/home/all/\\">/home/all</a></li><li =\\"\\"><a =\\"\\" ng-reflect-router-link=\\"/home/unpublished\\" href=\\"/home/unpublished/\\">/home/unpublished</a><a =\\"\\" href=\\"/home/unpublished/\\">/home/unpublished</a></li><li =\\"\\"><a =\\"\\" ng-reflect-router-link=\\"/home/\\" href=\\"/home/\\">/home/</a><a =\\"\\" href=\\"/home/\\">/home/</a></li><li =\\"\\"><a =\\"\\" ng-reflect-router-link=\\"/home\\" href=\\"/home/\\">/home</a><a =\\"\\" href=\\"/home/\\">/home</a></li><li =\\"\\"><a =\\"\\" ng-reflect-router-link=\\"/blog\\" href=\\"/blog/\\">/blog</a><a =\\"\\" href=\\"/blog/\\">/blog</a></li><li =\\"\\"><a =\\"\\" ng-reflect-router-link=\\"/blog/2014/2/12/asdf\\" href=\\"/blog/2014/2/12/asdf/\\">Deeply embedded</a><a =\\"\\" href=\\"/blog/2014/2/12/asdf/\\">Deeply embedded</a></li><li =\\"\\"><a =\\"\\" ng-reflect-router-link=\\"/blog/page-1\\" href=\\"/blog/page-1/\\">My first page</a><a =\\"\\" href=\\"/blog/page-1/\\">My first page</a></li><li =\\"\\"><a =\\"\\" ng-reflect-router-link=\\"/blog/page-3\\" href=\\"/blog/page-3/\\">My third page</a><a =\\"\\" href=\\"/blog/page-3/\\">My third page</a></li><li =\\"\\"><a =\\"\\" ng-reflect-router-link=\\"/blog/page-4\\" href=\\"/blog/page-4/\\">The Rainbow Cat, A free book out of the Guttenberg library</a><a =\\"\\" href=\\"/blog/page-4/\\">The Rainbow Cat, A free book out of the Guttenberg library</a></li><li =\\"\\"><a =\\"\\" ng-reflect-router-link=\\"/blog/page-5\\" href=\\"/blog/page-5/\\">/blog/page-5</a><a =\\"\\" href=\\"/blog/page-5/\\">/blog/page-5</a></li><li =\\"\\"><a =\\"\\" ng-reflect-router-link=\\"/blog/test/testing\\" href=\\"/blog/test/testing/\\">My test sub page</a><a =\\"\\" href=\\"/blog/test/testing/\\">My test sub page</a></li><li =\\"\\"><a =\\"\\" ng-reflect-router-link=\\"/user\\" href=\\"/user/\\">/user</a><a =\\"\\" href=\\"/user/\\">/user</a></li><li =\\"\\"><a =\\"\\" ng-reflect-router-link=\\"/user/1\\" href=\\"/user/1/\\">/user/1</a><a =\\"\\" href=\\"/user/1/\\">/user/1</a></li><li =\\"\\"><a =\\"\\" ng-reflect-router-link=\\"/user/2\\" href=\\"/user/2/\\">/user/2</a><a =\\"\\" href=\\"/user/2/\\">/user/2</a></li><li =\\"\\"><a =\\"\\" ng-reflect-router-link=\\"/user/1/post/1\\" href=\\"/user/1/post/1/\\">/user/1/post/1</a><a =\\"\\" href=\\"/user/1/post/1/\\">/user/1/post/1</a></li><li =\\"\\"><a =\\"\\" ng-reflect-router-link=\\"/user/1/post/2\\" href=\\"/user/1/post/2/\\">/user/1/post/2</a><a =\\"\\" href=\\"/user/1/post/2/\\">/user/1/post/2</a></li><li =\\"\\"><a =\\"\\" ng-reflect-router-link=\\"/user/1/post/3\\" href=\\"/user/1/post/3/\\">/user/1/post/3</a><a =\\"\\" href=\\"/user/1/post/3/\\">/user/1/post/3</a></li><li =\\"\\"><a =\\"\\" ng-reflect-router-link=\\"/user/1/post/4\\" href=\\"/user/1/post/4/\\">/user/1/post/4</a><a =\\"\\" href=\\"/user/1/post/4/\\">/user/1/post/4</a></li><li =\\"\\"><a =\\"\\" ng-reflect-router-link=\\"/user/1/post/5\\" href=\\"/user/1/post/5/\\">/user/1/post/5</a><a =\\"\\" href=\\"/user/1/post/5/\\">/user/1/post/5</a></li><li =\\"\\"><a =\\"\\" ng-reflect-router-link=\\"/user/1/post/6\\" href=\\"/user/1/post/6/\\">/user/1/post/6</a><a =\\"\\" href=\\"/user/1/post/6/\\">/user/1/post/6</a></li><li =\\"\\"><a =\\"\\" ng-reflect-router-link=\\"/user/1/post/7\\" href=\\"/user/1/post/7/\\">/user/1/post/7</a><a =\\"\\" href=\\"/user/1/post/7/\\">/user/1/post/7</a></li><li =\\"\\"><a =\\"\\" ng-reflect-router-link=\\"/user/1/post/8\\" href=\\"/user/1/post/8/\\">/user/1/post/8</a><a =\\"\\" href=\\"/user/1/post/8/\\">/user/1/post/8</a></li><li =\\"\\"><a =\\"\\" ng-reflect-router-link=\\"/user/1/post/9\\" href=\\"/user/1/post/9/\\">/user/1/post/9</a><a =\\"\\" href=\\"/user/1/post/9/\\">/user/1/post/9</a></li><li =\\"\\"><a =\\"\\" ng-reflect-router-link=\\"/user/1/post/10\\" href=\\"/user/1/post/10/\\">/user/1/post/10</a><a =\\"\\" href=\\"/user/1/post/10/\\">/user/1/post/10</a></li><li =\\"\\"><a =\\"\\" ng-reflect-router-link=\\"/user/2/post/11\\" href=\\"/user/2/post/11/\\">/user/2/post/11</a><a =\\"\\" href=\\"/user/2/post/11/\\">/user/2/post/11</a></li><li =\\"\\"><a =\\"\\" ng-reflect-router-link=\\"/user/2/post/12\\" href=\\"/user/2/post/12/\\">/user/2/post/12</a><a =\\"\\" href=\\"/user/2/post/12/\\">/user/2/post/12</a></li><li =\\"\\"><a =\\"\\" ng-reflect-router-link=\\"/user/2/post/13\\" href=\\"/user/2/post/13/\\">/user/2/post/13</a><a =\\"\\" href=\\"/user/2/post/13/\\">/user/2/post/13</a></li><li =\\"\\"><a =\\"\\" ng-reflect-router-link=\\"/user/2/post/14\\" href=\\"/user/2/post/14/\\">/user/2/post/14</a><a =\\"\\" href=\\"/user/2/post/14/\\">/user/2/post/14</a></li><li =\\"\\"><a =\\"\\" ng-reflect-router-link=\\"/user/2/post/15\\" href=\\"/user/2/post/15/\\">/user/2/post/15</a><a =\\"\\" href=\\"/user/2/post/15/\\">/user/2/post/15</a></li><li =\\"\\"><a =\\"\\" ng-reflect-router-link=\\"/user/2/post/16\\" href=\\"/user/2/post/16/\\">/user/2/post/16</a><a =\\"\\" href=\\"/user/2/post/16/\\">/user/2/post/16</a></li><li =\\"\\"><a =\\"\\" ng-reflect-router-link=\\"/user/2/post/17\\" href=\\"/user/2/post/17/\\">/user/2/post/17</a><a =\\"\\" href=\\"/user/2/post/17/\\">/user/2/post/17</a></li><li =\\"\\"><a =\\"\\" ng-reflect-router-link=\\"/user/2/post/18\\" href=\\"/user/2/post/18/\\">/user/2/post/18</a><a =\\"\\" href=\\"/user/2/post/18/\\">/user/2/post/18</a></li><li =\\"\\"><a =\\"\\" ng-reflect-router-link=\\"/user/2/post/19\\" href=\\"/user/2/post/19/\\">/user/2/post/19</a><a =\\"\\" href=\\"/user/2/post/19/\\">/user/2/post/19</a></li><li =\\"\\"><a =\\"\\" ng-reflect-router-link=\\"/user/2/post/20\\" href=\\"/user/2/post/20/\\">/user/2/post/20</a><a =\\"\\" href=\\"/user/2/post/20/\\">/user/2/post/20</a></li><li =\\"\\"><a =\\"\\" ng-reflect-router-link=\\"/demo/0\\" href=\\"/demo/0/\\">/demo/0</a><a =\\"\\" href=\\"/demo/0/\\">/demo/0</a></li><li =\\"\\"><a =\\"\\" ng-reflect-router-link=\\"/demo/1\\" href=\\"/demo/1/\\">/demo/1</a><a =\\"\\" href=\\"/demo/1/\\">/demo/1</a></li><li =\\"\\"><a =\\"\\" ng-reflect-router-link=\\"/demo/2\\" href=\\"/demo/2/\\">/demo/2</a><a =\\"\\" href=\\"/demo/2/\\">/demo/2</a></li><li =\\"\\"><a =\\"\\" ng-reflect-router-link=\\"/demo/3\\" href=\\"/demo/3/\\">/demo/3</a><a =\\"\\" href=\\"/demo/3/\\">/demo/3</a></li><li =\\"\\"><a =\\"\\" ng-reflect-router-link=\\"/demo/4\\" href=\\"/demo/4/\\">/demo/4</a><a =\\"\\" href=\\"/demo/4/\\">/demo/4</a></li><li =\\"\\"><a =\\"\\" ng-reflect-router-link=\\"/slow\\" href=\\"/slow/\\">/slow</a><a =\\"\\" href=\\"/slow/\\">/slow</a></li><li =\\"\\"><a =\\"\\" ng-reflect-router-link=\\"/manualIdle\\" href=\\"/manualIdle/\\">/manualIdle</a><a =\\"\\" href=\\"/manualIdle/\\">/manualIdle</a></li><li =\\"\\"><a =\\"\\" ng-reflect-router-link=\\"/\\" href=\\"/\\">/</a><a =\\"\\" href=\\"/\\">/</a></li><li =\\"\\"><a =\\"\\" ng-reflect-router-link=\\"/exclude/present\\" href=\\"/exclude/present/\\">/exclude/present</a><a =\\"\\" href=\\"/exclude/present/\\">/exclude/present</a></li><!--bindings={
  \\"ng-reflect-ng-for-of\\": \\"[object Object],[object Object\\"
}--></ul></app-static><!--container--></main><footer =\\"\\"><h3 =\\"\\">Made with ❤️ <strong =\\"\\">@HeroDevs</strong></h3></footer></app-root>
  <script id=\\"ScullyIO-transfer-state\\"></script><script src=\\"runtime-es2015.js\\" type=\\"module\\"></script><script src=\\"runtime-es5.js\\" nomodule=\\"\\" defer=\\"\\"></script><script src=\\"polyfills-es5.js\\" nomodule=\\"\\" defer=\\"\\"></script><script src=\\"polyfills-es2015.js\\" type=\\"module\\"></script><script src=\\"styles-es2015.js\\" type=\\"module\\"></script><script src=\\"styles-es5.js\\" nomodule=\\"\\" defer=\\"\\"></script><script src=\\"vendor-es2015.js\\" type=\\"module\\"></script><script src=\\"vendor-es5.js\\" nomodule=\\"\\" defer=\\"\\"></script><script src=\\"main-es2015.js\\" type=\\"module\\"></script><script src=\\"main-es5.js\\" nomodule=\\"\\" defer=\\"\\"></script>

</body></html>"
`;
