// Jest Snapshot v1, https://goo.gl/fbAQLP

exports[`JsonPlugin: test user List Check clean blog index by scully 1`] = `
"<!DOCTYPE html><html lang=\\"en\\"><head><meta name=\\"generator\\" content=\\"Scully 0.0.0\\">
    <meta charset=\\"utf-8\\">
    <title>SampleBlog</title>
    <base href=\\"/\\">
    <meta name=\\"viewport\\" content=\\"width=device-width, initial-scale=1\\">
    <link rel=\\"icon\\" type=\\"image/x-icon\\" href=\\"favicon.ico\\">
    <link rel=\\"stylesheet\\" href=\\"//cdnjs.cloudflare.com/ajax/libs/highlight.js/9.18.1/styles/default.min.css\\">
  <style>/* You can add global styles to this file, and also import other style files */

*,
*::before,
*::after {
  box-sizing: border-box;
  margin: 0;
  padding: 0;
}

@charset \\"UTF-8\\";

.tabs label,
.text-center {
  text-align: center;
}

@font-face {
  font-family: 'Gentium Book Basic';
  font-style: normal;
  font-weight: 400;
  src: local('Gentium Book Basic'), local('GentiumBookBasic'),
    url(https://fonts.gstatic.com/s/gentiumbookbasic/v10/pe0zMJCbPYBVokB1LHA9bbyaQb8ZGjc4ULF_.ttf)
      format('truetype');
}

@font-face {
  font-family: 'Gentium Book Basic';
  font-style: normal;
  font-weight: 700;
  src: local('Gentium Book Basic Bold'), local('GentiumBookBasic-Bold'),
    url(https://fonts.gstatic.com/s/gentiumbookbasic/v10/pe0wMJCbPYBVokB1LHA9bbyaQb8ZGjcw65RvzIfc.ttf)
      format('truetype');
}

@font-face {
  font-family: Roboto;
  font-style: normal;
  font-weight: 300;
  src: local('Roboto Light'), local('Roboto-Light'),
    url(https://fonts.gstatic.com/s/roboto/v20/KFOlCnqEu92Fr1MmSU5fBBc9.ttf) format('truetype');
}

@font-face {
  font-family: Roboto;
  font-style: normal;
  font-weight: 400;
  src: local('Roboto'), local('Roboto-Regular'),
    url(https://fonts.gstatic.com/s/roboto/v20/KFOmCnqEu92Fr1Mu4mxP.ttf) format('truetype');
}

@font-face {
  font-family: Roboto;
  font-style: normal;
  font-weight: 500;
  src: local('Roboto Medium'), local('Roboto-Medium'),
    url(https://fonts.gstatic.com/s/roboto/v20/KFOlCnqEu92Fr1MmEU9fBBc9.ttf) format('truetype');
}

@font-face {
  font-family: Roboto;
  font-style: normal;
  font-weight: 700;
  src: local('Roboto Bold'), local('Roboto-Bold'),
    url(https://fonts.gstatic.com/s/roboto/v20/KFOlCnqEu92Fr1MmWUlfBBc9.ttf) format('truetype');
}

a,
aside,
body,
div,
h1,
h2,
h3,
h4,
h5,
h6,
header,
input,
label,
menu,
p {
  font-family: Roboto, sans-serif;
}

h1,
h2,
h3,
h4,
h5,
h6 {
  margin-bottom: 0.8em;
  line-height: 130%;
}

p {
  margin-bottom: 20px;
}

h1 {
  font-size: 40px;
}

h2 {
  font-size: 34px;
}

h3 {
  font-size: 28px;
}

h4 {
  font-size: 24.8px;
}

h5 {
  font-size: 20.8px;
}

h6 {
  font-size: 18px;
}

a,
p {
  font-size: 16px;
}

/*# sourceMappingURL=data:application/json;base64,eyJ2ZXJzaW9uIjozLCJzb3VyY2VzIjpbInN0eWxlcy5jc3MiXSwibmFtZXMiOltdLCJtYXBwaW5ncyI6IkFBQUEsOEVBQThFOztBQUU5RTs7O0VBR0Usc0JBQXNCO0VBQ3RCLFNBQVM7RUFDVCxVQUFVO0FBQ1o7O0FBRUEsZ0JBQWdCOztBQUNoQjs7RUFFRSxrQkFBa0I7QUFDcEI7O0FBQ0E7RUFDRSxpQ0FBaUM7RUFDakMsa0JBQWtCO0VBQ2xCLGdCQUFnQjtFQUNoQjs7d0JBRXNCO0FBQ3hCOztBQUNBO0VBQ0UsaUNBQWlDO0VBQ2pDLGtCQUFrQjtFQUNsQixnQkFBZ0I7RUFDaEI7O3dCQUVzQjtBQUN4Qjs7QUFDQTtFQUNFLG1CQUFtQjtFQUNuQixrQkFBa0I7RUFDbEIsZ0JBQWdCO0VBQ2hCOytGQUM2RjtBQUMvRjs7QUFDQTtFQUNFLG1CQUFtQjtFQUNuQixrQkFBa0I7RUFDbEIsZ0JBQWdCO0VBQ2hCOzJGQUN5RjtBQUMzRjs7QUFDQTtFQUNFLG1CQUFtQjtFQUNuQixrQkFBa0I7RUFDbEIsZ0JBQWdCO0VBQ2hCOytGQUM2RjtBQUMvRjs7QUFDQTtFQUNFLG1CQUFtQjtFQUNuQixrQkFBa0I7RUFDbEIsZ0JBQWdCO0VBQ2hCOytGQUM2RjtBQUMvRjs7QUFDQTs7Ozs7Ozs7Ozs7Ozs7O0VBZUUsK0JBQStCO0FBQ2pDOztBQUNBOzs7Ozs7RUFNRSxvQkFBb0I7RUFDcEIsaUJBQWlCO0FBQ25COztBQUNBO0VBQ0UsbUJBQW1CO0FBQ3JCOztBQUNBO0VBQ0UsZUFBZTtBQUNqQjs7QUFDQTtFQUNFLGVBQWU7QUFDakI7O0FBQ0E7RUFDRSxlQUFlO0FBQ2pCOztBQUNBO0VBQ0UsaUJBQWlCO0FBQ25COztBQUNBO0VBQ0UsaUJBQWlCO0FBQ25COztBQUNBO0VBQ0UsZUFBZTtBQUNqQjs7QUFDQTs7RUFFRSxlQUFlO0FBQ2pCIiwiZmlsZSI6InN0eWxlcy5jc3MiLCJzb3VyY2VzQ29udGVudCI6WyIvKiBZb3UgY2FuIGFkZCBnbG9iYWwgc3R5bGVzIHRvIHRoaXMgZmlsZSwgYW5kIGFsc28gaW1wb3J0IG90aGVyIHN0eWxlIGZpbGVzICovXHJcblxyXG4qLFxyXG4qOjpiZWZvcmUsXHJcbio6OmFmdGVyIHtcclxuICBib3gtc2l6aW5nOiBib3JkZXItYm94O1xyXG4gIG1hcmdpbjogMDtcclxuICBwYWRkaW5nOiAwO1xyXG59XHJcblxyXG5AY2hhcnNldCBcIlVURi04XCI7XHJcbi50YWJzIGxhYmVsLFxyXG4udGV4dC1jZW50ZXIge1xyXG4gIHRleHQtYWxpZ246IGNlbnRlcjtcclxufVxyXG5AZm9udC1mYWNlIHtcclxuICBmb250LWZhbWlseTogJ0dlbnRpdW0gQm9vayBCYXNpYyc7XHJcbiAgZm9udC1zdHlsZTogbm9ybWFsO1xyXG4gIGZvbnQtd2VpZ2h0OiA0MDA7XHJcbiAgc3JjOiBsb2NhbCgnR2VudGl1bSBCb29rIEJhc2ljJyksIGxvY2FsKCdHZW50aXVtQm9va0Jhc2ljJyksXHJcbiAgICB1cmwoaHR0cHM6Ly9mb250cy5nc3RhdGljLmNvbS9zL2dlbnRpdW1ib29rYmFzaWMvdjEwL3BlMHpNSkNiUFlCVm9rQjFMSEE5YmJ5YVFiOFpHamM0VUxGXy50dGYpXHJcbiAgICAgIGZvcm1hdCgndHJ1ZXR5cGUnKTtcclxufVxyXG5AZm9udC1mYWNlIHtcclxuICBmb250LWZhbWlseTogJ0dlbnRpdW0gQm9vayBCYXNpYyc7XHJcbiAgZm9udC1zdHlsZTogbm9ybWFsO1xyXG4gIGZvbnQtd2VpZ2h0OiA3MDA7XHJcbiAgc3JjOiBsb2NhbCgnR2VudGl1bSBCb29rIEJhc2ljIEJvbGQnKSwgbG9jYWwoJ0dlbnRpdW1Cb29rQmFzaWMtQm9sZCcpLFxyXG4gICAgdXJsKGh0dHBzOi8vZm9udHMuZ3N0YXRpYy5jb20vcy9nZW50aXVtYm9va2Jhc2ljL3YxMC9wZTB3TUpDYlBZQlZva0IxTEhBOWJieWFRYjhaR2pjdzY1UnZ6SWZjLnR0ZilcclxuICAgICAgZm9ybWF0KCd0cnVldHlwZScpO1xyXG59XHJcbkBmb250LWZhY2Uge1xyXG4gIGZvbnQtZmFtaWx5OiBSb2JvdG87XHJcbiAgZm9udC1zdHlsZTogbm9ybWFsO1xyXG4gIGZvbnQtd2VpZ2h0OiAzMDA7XHJcbiAgc3JjOiBsb2NhbCgnUm9ib3RvIExpZ2h0JyksIGxvY2FsKCdSb2JvdG8tTGlnaHQnKSxcclxuICAgIHVybChodHRwczovL2ZvbnRzLmdzdGF0aWMuY29tL3Mvcm9ib3RvL3YyMC9LRk9sQ25xRXU5MkZyMU1tU1U1ZkJCYzkudHRmKSBmb3JtYXQoJ3RydWV0eXBlJyk7XHJcbn1cclxuQGZvbnQtZmFjZSB7XHJcbiAgZm9udC1mYW1pbHk6IFJvYm90bztcclxuICBmb250LXN0eWxlOiBub3JtYWw7XHJcbiAgZm9udC13ZWlnaHQ6IDQwMDtcclxuICBzcmM6IGxvY2FsKCdSb2JvdG8nKSwgbG9jYWwoJ1JvYm90by1SZWd1bGFyJyksXHJcbiAgICB1cmwoaHR0cHM6Ly9mb250cy5nc3RhdGljLmNvbS9zL3JvYm90by92MjAvS0ZPbUNucUV1OTJGcjFNdTRteFAudHRmKSBmb3JtYXQoJ3RydWV0eXBlJyk7XHJcbn1cclxuQGZvbnQtZmFjZSB7XHJcbiAgZm9udC1mYW1pbHk6IFJvYm90bztcclxuICBmb250LXN0eWxlOiBub3JtYWw7XHJcbiAgZm9udC13ZWlnaHQ6IDUwMDtcclxuICBzcmM6IGxvY2FsKCdSb2JvdG8gTWVkaXVtJyksIGxvY2FsKCdSb2JvdG8tTWVkaXVtJyksXHJcbiAgICB1cmwoaHR0cHM6Ly9mb250cy5nc3RhdGljLmNvbS9zL3JvYm90by92MjAvS0ZPbENucUV1OTJGcjFNbUVVOWZCQmM5LnR0ZikgZm9ybWF0KCd0cnVldHlwZScpO1xyXG59XHJcbkBmb250LWZhY2Uge1xyXG4gIGZvbnQtZmFtaWx5OiBSb2JvdG87XHJcbiAgZm9udC1zdHlsZTogbm9ybWFsO1xyXG4gIGZvbnQtd2VpZ2h0OiA3MDA7XHJcbiAgc3JjOiBsb2NhbCgnUm9ib3RvIEJvbGQnKSwgbG9jYWwoJ1JvYm90by1Cb2xkJyksXHJcbiAgICB1cmwoaHR0cHM6Ly9mb250cy5nc3RhdGljLmNvbS9zL3JvYm90by92MjAvS0ZPbENucUV1OTJGcjFNbVdVbGZCQmM5LnR0ZikgZm9ybWF0KCd0cnVldHlwZScpO1xyXG59XHJcbmEsXHJcbmFzaWRlLFxyXG5ib2R5LFxyXG5kaXYsXHJcbmgxLFxyXG5oMixcclxuaDMsXHJcbmg0LFxyXG5oNSxcclxuaDYsXHJcbmhlYWRlcixcclxuaW5wdXQsXHJcbmxhYmVsLFxyXG5tZW51LFxyXG5wIHtcclxuICBmb250LWZhbWlseTogUm9ib3RvLCBzYW5zLXNlcmlmO1xyXG59XHJcbmgxLFxyXG5oMixcclxuaDMsXHJcbmg0LFxyXG5oNSxcclxuaDYge1xyXG4gIG1hcmdpbi1ib3R0b206IDAuOGVtO1xyXG4gIGxpbmUtaGVpZ2h0OiAxMzAlO1xyXG59XHJcbnAge1xyXG4gIG1hcmdpbi1ib3R0b206IDIwcHg7XHJcbn1cclxuaDEge1xyXG4gIGZvbnQtc2l6ZTogNDBweDtcclxufVxyXG5oMiB7XHJcbiAgZm9udC1zaXplOiAzNHB4O1xyXG59XHJcbmgzIHtcclxuICBmb250LXNpemU6IDI4cHg7XHJcbn1cclxuaDQge1xyXG4gIGZvbnQtc2l6ZTogMjQuOHB4O1xyXG59XHJcbmg1IHtcclxuICBmb250LXNpemU6IDIwLjhweDtcclxufVxyXG5oNiB7XHJcbiAgZm9udC1zaXplOiAxOHB4O1xyXG59XHJcbmEsXHJcbnAge1xyXG4gIGZvbnQtc2l6ZTogMTZweDtcclxufVxyXG4iXX0= */</style><style>[] {
  display: grid;
  height: 100vh;
  grid-template-rows: 60px 1fr 60px;
}

[]    > header[] {
  display: grid;
  background-color: royalblue;
  color: whitesmoke;
  margin: 0;
  padding: 0px 10px;
  grid-template-columns: 1fr 40px;
  place-items: center center;
}

header[]   h1[], footer[]   h3[] {
  margin: 0;
}

[]    > footer[] {
  display: grid;
  background-color: royalblue;
  color: whitesmoke;
  margin: 0;
  padding-right: 10px;
  justify-content: right;
  align-content: center;
}

main[] {
  background-color: whitesmoke;
  color: rgb(4, 12, 36);
  padding: 10px;
}
/*# sourceMappingURL=data:application/json;base64,eyJ2ZXJzaW9uIjozLCJzb3VyY2VzIjpbImFwcHMvc2FtcGxlLWJsb2cvc3JjL2FwcC9hcHAuY29tcG9uZW50LmNzcyJdLCJuYW1lcyI6W10sIm1hcHBpbmdzIjoiQUFBQTtFQUNFLGFBQWE7RUFDYixhQUFhO0VBQ2IsaUNBQWlDO0FBQ25DOztBQUVBO0VBQ0UsYUFBYTtFQUNiLDJCQUEyQjtFQUMzQixpQkFBaUI7RUFDakIsU0FBUztFQUNULGlCQUFpQjtFQUNqQiwrQkFBK0I7RUFDL0IsMEJBQTBCO0FBQzVCOztBQUVBOztFQUVFLFNBQVM7QUFDWDs7QUFDQTtFQUNFLGFBQWE7RUFDYiwyQkFBMkI7RUFDM0IsaUJBQWlCO0VBQ2pCLFNBQVM7RUFDVCxtQkFBbUI7RUFDbkIsc0JBQXNCO0VBQ3RCLHFCQUFxQjtBQUN2Qjs7QUFFQTtFQUNFLDRCQUE0QjtFQUM1QixxQkFBcUI7RUFDckIsYUFBYTtBQUNmIiwiZmlsZSI6ImFwcHMvc2FtcGxlLWJsb2cvc3JjL2FwcC9hcHAuY29tcG9uZW50LmNzcyIsInNvdXJjZXNDb250ZW50IjpbIjpob3N0IHtcclxuICBkaXNwbGF5OiBncmlkO1xyXG4gIGhlaWdodDogMTAwdmg7XHJcbiAgZ3JpZC10ZW1wbGF0ZS1yb3dzOiA2MHB4IDFmciA2MHB4O1xyXG59XHJcblxyXG46aG9zdCA+IGhlYWRlciB7XHJcbiAgZGlzcGxheTogZ3JpZDtcclxuICBiYWNrZ3JvdW5kLWNvbG9yOiByb3lhbGJsdWU7XHJcbiAgY29sb3I6IHdoaXRlc21va2U7XHJcbiAgbWFyZ2luOiAwO1xyXG4gIHBhZGRpbmc6IDBweCAxMHB4O1xyXG4gIGdyaWQtdGVtcGxhdGUtY29sdW1uczogMWZyIDQwcHg7XHJcbiAgcGxhY2UtaXRlbXM6IGNlbnRlciBjZW50ZXI7XHJcbn1cclxuXHJcbmhlYWRlciBoMSxcclxuZm9vdGVyIGgzIHtcclxuICBtYXJnaW46IDA7XHJcbn1cclxuOmhvc3QgPiBmb290ZXIge1xyXG4gIGRpc3BsYXk6IGdyaWQ7XHJcbiAgYmFja2dyb3VuZC1jb2xvcjogcm95YWxibHVlO1xyXG4gIGNvbG9yOiB3aGl0ZXNtb2tlO1xyXG4gIG1hcmdpbjogMDtcclxuICBwYWRkaW5nLXJpZ2h0OiAxMHB4O1xyXG4gIGp1c3RpZnktY29udGVudDogcmlnaHQ7XHJcbiAgYWxpZ24tY29udGVudDogY2VudGVyO1xyXG59XHJcblxyXG5tYWluIHtcclxuICBiYWNrZ3JvdW5kLWNvbG9yOiB3aGl0ZXNtb2tlO1xyXG4gIGNvbG9yOiByZ2IoNCwgMTIsIDM2KTtcclxuICBwYWRkaW5nOiAxMHB4O1xyXG59XHJcbiJdfQ== */</style><script charset=\\"utf-8\\" src=\\"user-user-module-es2015.js\\"></script><script charset=\\"utf-8\\" src=\\"pagenotfound-pagenotfound-module-es2015.js\\"></script><style>
/*# sourceMappingURL=data:application/json;base64,eyJ2ZXJzaW9uIjozLCJzb3VyY2VzIjpbXSwibmFtZXMiOltdLCJtYXBwaW5ncyI6IiIsImZpbGUiOiJhcHBzL3NhbXBsZS1ibG9nL3NyYy9hcHAvdXNlci91c2Vycy91c2Vycy5jb21wb25lbnQuY3NzIn0= */</style><script>window['ScullyIO']='generated';</script></head>

  <body scully-version=\\"0.0.0\\">
    <app-root class=\\"foo\\" =\\"\\" > Scully demo blog app! <small =\\"\\">rendering inside scully</small></h1><a =\\"\\" ng-reflect-router-link=\\"/home\\" href=\\"/home/\\">🏠</a></header><main =\\"\\"><router-outlet =\\"\\"></router-outlet><app-users =\\"\\"><h1 =\\"\\">Users</h1><section =\\"\\"><table =\\"\\"><thead =\\"\\"><tr><th =\\"\\">Id</th><th =\\"\\">Username</th></tr></thead><tbody =\\"\\"><tr =\\"\\"><td =\\"\\">1</td><td =\\"\\"><a =\\"\\" ng-reflect-router-link=\\"1\\" ng-reflect-query-params=\\"[object Object]\\" href=\\"/user/1?id=1\\"> Leanne Graham</a></td></tr><tr =\\"\\"><td =\\"\\">2</td><td =\\"\\"><a =\\"\\" ng-reflect-router-link=\\"2\\" ng-reflect-query-params=\\"[object Object]\\" href=\\"/user/2?id=2\\"> Ervin Howell</a></td></tr><tr =\\"\\"><td =\\"\\">3</td><td =\\"\\"><a =\\"\\" ng-reflect-router-link=\\"3\\" ng-reflect-query-params=\\"[object Object]\\" href=\\"/user/3?id=3\\"> Clementine Bauch</a></td></tr><tr =\\"\\"><td =\\"\\">4</td><td =\\"\\"><a =\\"\\" ng-reflect-router-link=\\"4\\" ng-reflect-query-params=\\"[object Object]\\" href=\\"/user/4?id=4\\"> Patricia Lebsack</a></td></tr><tr =\\"\\"><td =\\"\\">5</td><td =\\"\\"><a =\\"\\" ng-reflect-router-link=\\"5\\" ng-reflect-query-params=\\"[object Object]\\" href=\\"/user/5?id=5\\"> Chelsey Dietrich</a></td></tr><tr =\\"\\"><td =\\"\\">6</td><td =\\"\\"><a =\\"\\" ng-reflect-router-link=\\"6\\" ng-reflect-query-params=\\"[object Object]\\" href=\\"/user/6?id=6\\"> Mrs. Dennis Schulist</a></td></tr><tr =\\"\\"><td =\\"\\">7</td><td =\\"\\"><a =\\"\\" ng-reflect-router-link=\\"7\\" ng-reflect-query-params=\\"[object Object]\\" href=\\"/user/7?id=7\\"> Kurtis Weissnat</a></td></tr><tr =\\"\\"><td =\\"\\">8</td><td =\\"\\"><a =\\"\\" ng-reflect-router-link=\\"8\\" ng-reflect-query-params=\\"[object Object]\\" href=\\"/user/8?id=8\\"> Nicholas Runolfsdottir V</a></td></tr><tr =\\"\\"><td =\\"\\">9</td><td =\\"\\"><a =\\"\\" ng-reflect-router-link=\\"9\\" ng-reflect-query-params=\\"[object Object]\\" href=\\"/user/9?id=9\\"> Glenna Reichert</a></td></tr><tr =\\"\\"><td =\\"\\">10</td><td =\\"\\"><a =\\"\\" ng-reflect-router-link=\\"10\\" ng-reflect-query-params=\\"[object Object]\\" href=\\"/user/10?id=10\\"> Clementina DuBuque</a></td></tr><!--bindings={
  \\"ng-reflect-ng-for-of\\": \\"[object Object],[object Object\\"
}--></tbody></table></section><!--bindings={
  \\"ng-reflect-ng-if\\": \\"[object Object],[object Object\\"
}--></app-users><!--container--></main><footer =\\"\\"><h3 =\\"\\">Made with ❤️ <strong =\\"\\">@HeroDevs</strong></h3></footer></app-root>
  <script id=\\"ScullyIO-transfer-state\\">window['ScullyIO-transfer-state']=/** ___SCULLY_STATE_START___ */{\\"users\\":[{\\"id\\":1,\\"name\\":\\"Leanne Graham\\",\\"username\\":\\"Bret\\",\\"email\\":\\"Sincere@april.biz\\",\\"address\\":{\\"street\\":\\"Kulas Light\\",\\"suite\\":\\"Apt. 556\\",\\"city\\":\\"Gwenborough\\",\\"zipcode\\":\\"92998-3874\\",\\"geo\\":{\\"lat\\":\\"-37.3159\\",\\"lng\\":\\"81.1496\\"}},\\"phone\\":\\"1-770-736-8031 x56442\\",\\"website\\":\\"hildegard.org\\",\\"company\\":{\\"name\\":\\"Romaguera-Crona\\",\\"catchPhrase\\":\\"Multi-layered client-server neural-net\\",\\"bs\\":\\"harness real-time e-markets\\"}},{\\"id\\":2,\\"name\\":\\"Ervin Howell\\",\\"username\\":\\"Antonette\\",\\"email\\":\\"Shanna@melissa.tv\\",\\"address\\":{\\"street\\":\\"Victor Plains\\",\\"suite\\":\\"Suite 879\\",\\"city\\":\\"Wisokyburgh\\",\\"zipcode\\":\\"90566-7771\\",\\"geo\\":{\\"lat\\":\\"-43.9509\\",\\"lng\\":\\"-34.4618\\"}},\\"phone\\":\\"010-692-6593 x09125\\",\\"website\\":\\"anastasia.net\\",\\"company\\":{\\"name\\":\\"Deckow-Crist\\",\\"catchPhrase\\":\\"Proactive didactic contingency\\",\\"bs\\":\\"synergize scalable supply-chains\\"}},{\\"id\\":3,\\"name\\":\\"Clementine Bauch\\",\\"username\\":\\"Samantha\\",\\"email\\":\\"Nathan@yesenia.net\\",\\"address\\":{\\"street\\":\\"Douglas Extension\\",\\"suite\\":\\"Suite 847\\",\\"city\\":\\"McKenziehaven\\",\\"zipcode\\":\\"59590-4157\\",\\"geo\\":{\\"lat\\":\\"-68.6102\\",\\"lng\\":\\"-47.0653\\"}},\\"phone\\":\\"1-463-123-4447\\",\\"website\\":\\"ramiro.info\\",\\"company\\":{\\"name\\":\\"Romaguera-Jacobson\\",\\"catchPhrase\\":\\"Face to face bifurcated interface\\",\\"bs\\":\\"e-enable strategic applications\\"}},{\\"id\\":4,\\"name\\":\\"Patricia Lebsack\\",\\"username\\":\\"Karianne\\",\\"email\\":\\"Julianne.OConner@kory.org\\",\\"address\\":{\\"street\\":\\"Hoeger Mall\\",\\"suite\\":\\"Apt. 692\\",\\"city\\":\\"South Elvis\\",\\"zipcode\\":\\"53919-4257\\",\\"geo\\":{\\"lat\\":\\"29.4572\\",\\"lng\\":\\"-164.2990\\"}},\\"phone\\":\\"493-170-9623 x156\\",\\"website\\":\\"kale.biz\\",\\"company\\":{\\"name\\":\\"Robel-Corkery\\",\\"catchPhrase\\":\\"Multi-tiered zero tolerance productivity\\",\\"bs\\":\\"transition cutting-edge web services\\"}},{\\"id\\":5,\\"name\\":\\"Chelsey Dietrich\\",\\"username\\":\\"Kamren\\",\\"email\\":\\"Lucio_Hettinger@annie.ca\\",\\"address\\":{\\"street\\":\\"Skiles Walks\\",\\"suite\\":\\"Suite 351\\",\\"city\\":\\"Roscoeview\\",\\"zipcode\\":\\"33263\\",\\"geo\\":{\\"lat\\":\\"-31.8129\\",\\"lng\\":\\"62.5342\\"}},\\"phone\\":\\"(254)954-1289\\",\\"website\\":\\"demarco.info\\",\\"company\\":{\\"name\\":\\"Keebler LLC\\",\\"catchPhrase\\":\\"User-centric fault-tolerant solution\\",\\"bs\\":\\"revolutionize end-to-end systems\\"}},{\\"id\\":6,\\"name\\":\\"Mrs. Dennis Schulist\\",\\"username\\":\\"Leopoldo_Corkery\\",\\"email\\":\\"Karley_Dach@jasper.info\\",\\"address\\":{\\"street\\":\\"Norberto Crossing\\",\\"suite\\":\\"Apt. 950\\",\\"city\\":\\"South Christy\\",\\"zipcode\\":\\"23505-1337\\",\\"geo\\":{\\"lat\\":\\"-71.4197\\",\\"lng\\":\\"71.7478\\"}},\\"phone\\":\\"1-477-935-8478 x6430\\",\\"website\\":\\"ola.org\\",\\"company\\":{\\"name\\":\\"Considine-Lockman\\",\\"catchPhrase\\":\\"Synchronised bottom-line interface\\",\\"bs\\":\\"e-enable innovative applications\\"}},{\\"id\\":7,\\"name\\":\\"Kurtis Weissnat\\",\\"username\\":\\"Elwyn.Skiles\\",\\"email\\":\\"Telly.Hoeger@billy.biz\\",\\"address\\":{\\"street\\":\\"Rex Trail\\",\\"suite\\":\\"Suite 280\\",\\"city\\":\\"Howemouth\\",\\"zipcode\\":\\"58804-1099\\",\\"geo\\":{\\"lat\\":\\"24.8918\\",\\"lng\\":\\"21.8984\\"}},\\"phone\\":\\"210.067.6132\\",\\"website\\":\\"elvis.io\\",\\"company\\":{\\"name\\":\\"Johns Group\\",\\"catchPhrase\\":\\"Configurable multimedia task-force\\",\\"bs\\":\\"generate enterprise e-tailers\\"}},{\\"id\\":8,\\"name\\":\\"Nicholas Runolfsdottir V\\",\\"username\\":\\"Maxime_Nienow\\",\\"email\\":\\"Sherwood@rosamond.me\\",\\"address\\":{\\"street\\":\\"Ellsworth Summit\\",\\"suite\\":\\"Suite 729\\",\\"city\\":\\"Aliyaview\\",\\"zipcode\\":\\"45169\\",\\"geo\\":{\\"lat\\":\\"-14.3990\\",\\"lng\\":\\"-120.7677\\"}},\\"phone\\":\\"586.493.6943 x140\\",\\"website\\":\\"jacynthe.com\\",\\"company\\":{\\"name\\":\\"Abernathy Group\\",\\"catchPhrase\\":\\"Implemented secondary concept\\",\\"bs\\":\\"e-enable extensible e-tailers\\"}},{\\"id\\":9,\\"name\\":\\"Glenna Reichert\\",\\"username\\":\\"Delphine\\",\\"email\\":\\"Chaim_McDermott@dana.io\\",\\"address\\":{\\"street\\":\\"Dayna Park\\",\\"suite\\":\\"Suite 449\\",\\"city\\":\\"Bartholomebury\\",\\"zipcode\\":\\"76495-3109\\",\\"geo\\":{\\"lat\\":\\"24.6463\\",\\"lng\\":\\"-168.8889\\"}},\\"phone\\":\\"(775)976-6794 x41206\\",\\"website\\":\\"conrad.com\\",\\"company\\":{\\"name\\":\\"Yost and Sons\\",\\"catchPhrase\\":\\"Switchable contextually-based project\\",\\"bs\\":\\"aggregate real-time technologies\\"}},{\\"id\\":10,\\"name\\":\\"Clementina DuBuque\\",\\"username\\":\\"Moriah.Stanton\\",\\"email\\":\\"Rey.Padberg@karina.biz\\",\\"address\\":{\\"street\\":\\"Kattie Turnpike\\",\\"suite\\":\\"Suite 198\\",\\"city\\":\\"Lebsackbury\\",\\"zipcode\\":\\"31428-2261\\",\\"geo\\":{\\"lat\\":\\"-38.2386\\",\\"lng\\":\\"57.2232\\"}},\\"phone\\":\\"024-648-3804\\",\\"website\\":\\"ambrose.net\\",\\"company\\":{\\"name\\":\\"Hoeger LLC\\",\\"catchPhrase\\":\\"Centralized empowering task-force\\",\\"bs\\":\\"target end-to-end models\\"}}]}/** ___SCULLY_STATE_END___ */</script><script src=\\"runtime-es2015.js\\" type=\\"module\\"></script><script src=\\"runtime-es5.js\\" nomodule=\\"\\" defer=\\"\\"></script><script src=\\"polyfills-es5.js\\" nomodule=\\"\\" defer=\\"\\"></script><script src=\\"polyfills-es2015.js\\" type=\\"module\\"></script><script src=\\"styles-es2015.js\\" type=\\"module\\"></script><script src=\\"styles-es5.js\\" nomodule=\\"\\" defer=\\"\\"></script><script src=\\"vendor-es2015.js\\" type=\\"module\\"></script><script src=\\"vendor-es5.js\\" nomodule=\\"\\" defer=\\"\\"></script><script src=\\"main-es2015.js\\" type=\\"module\\"></script><script src=\\"main-es5.js\\" nomodule=\\"\\" defer=\\"\\"></script>

</body></html>"
`;
